// Jest Snapshot v1, https://goo.gl/fbAQLP

exports[`getRuleComposer recursively resolves mixed strings and functions 1`] = `
[
  {
    "test": /i-show-up-twice/,
  },
  {
    "test": /i-show-up-twice/,
  },
  {
    "test": /look-no-further/,
  },
]
`;

exports[`getRuleComposer ruleComposer recursively resolves rule names to literal rules 1`] = `
[
  {
    "test": /recursive-look-result/,
  },
  {
    "test": /recursive-harder-result/,
  },
  {
    "test": /look-no-further/,
  },
]
`;

exports[`getRuleComposer ruleComposer resolves string rule names to literal rules 1`] = `
[
  {
    "test": /simple-string-result/,
  },
]
`;

exports[`getRuleComposer supports functions recursively 1`] = `
[
  {
    "test": /recursive-function-result/,
  },
]
`;

exports[`getRuleComposer supports functions that return literal rules 1`] = `
[
  {
    "test": /simple-function-result/,
  },
]
`;
